----------------
Coverage Report:

__main__: empty.py: 1 traceable; 1 covered; 0 ignored; 0 ignored but covered; 0 not covered.
