----------------
Coverage Report:

__main__: exc-W-TX_%s.py: 8 traceable; 8 covered; 0 ignored; 0 ignored but covered; 0 not covered.
