----------------
Coverage Report:

__main__: exc-W-TX_%s.py:
   1   from fixtures import CM, handle_args, try_
   2
   3
   4   def top(arg):
   5 %   with CM(silence=False):
   6       try:
   7 %       return try_(arg)
   8       except:

__main__: exc-W-TX_%s.py: 8 traceable; 6 covered; 0 ignored; 0 ignored but covered; 2 not covered.
