----------------
Coverage Report:

__main__: exc-W-TF_{}.py:
   1   from fixtures import CM, handle_args, try_
   2
   3
   4   def top(arg):
   5 %   with CM(silence=False):
   6       try:
   7         return try_(arg)
   8       finally:
   9 %       return -1
  10     return res

__main__: exc-W-TF_{}.py: 7 traceable; 5 covered; 0 ignored; 0 ignored but covered; 2 not covered.
