----------------
Coverage Report:

__main__: exc-TX_%s.py: 7 traceable; 7 covered; 0 ignored; 0 ignored but covered; 0 not covered.
