----------------
Coverage Report:

__main__: exc-W-TX_%s.py:
   1   from fixtures import CM, handle_args, try_
   2
   3
   4   def top(arg):
   5 %   with CM(silence=False):
   6       try:
   7         return try_(arg)
   8 !     except:
   9 !       return None
  10

__main__: exc-W-TX_%s.py: 8 traceable; 5 covered; 0 ignored; 0 ignored but covered; 3 not covered.
