----------------
Coverage Report:

__main__: exc-TA-ret_{}.py:
   8
   9
  10   def top(arg):
  11     try:
  12 %     try_(arg)
  13     except E1 as e1:
  14       return True
  15 !   return False
  16

__main__: exc-TA-ret_{}.py: 9 traceable; 7 covered; 0 ignored; 0 ignored but covered; 2 not covered.
