----------------
Coverage Report:

__main__: exc-TEL_{}.py:
   3
   4   def top(arg):
   5     try:
   6       try_(arg)
   7 !   except E1:
   8 !     exc()
   9     else:

__main__: exc-TEL_{}.py: 8 traceable; 6 covered; 0 ignored; 0 ignored but covered; 2 not covered.
