----------------
Coverage Report:

__main__: exc-TEE_{}.py:
   5     try:
   6       try_(arg)
   7     except E1:
   8       exc()
   9 !   except E2:
  10 !     exc()
  11

__main__: exc-TEE_{}.py: 9 traceable; 7 covered; 0 ignored; 0 ignored but covered; 2 not covered.
