----------------
Coverage Report:

__main__: exc-TEE_{}.py:
   2
   3
   4   def top(arg):
   5     try:
   6 %     try_(arg)
   7     except E1:

__main__: exc-TEE_{}.py: 9 traceable; 8 covered; 0 ignored; 0 ignored but covered; 1 not covered.
