----------------
Coverage Report:

__main__: exc-TEE_%s.py: 9 traceable; 9 covered; 0 ignored; 0 ignored but covered; 0 not covered.
