----------------
Coverage Report:

__main__: exit.py: 3 traceable; 2 covered; 1 ignored; 0 ignored but covered; 0 not covered.
