----------------
Coverage Report:

__main__: for-gen.py: 26 traceable; 25 covered; 0 ignored; 0 ignored but covered; 0 not covered.
