----------------
Coverage Report:

__main__: for_%s.py:
   2
   3
   4   def top(arg):
   5
   6 %   for i in range(arg):
   7 !     for_()
   8
   9 %   for i in range(arg):
  10 !     for_()
  11 !     if i:
  12 !       break
  13     else:
  14       else_()
  15
  16
  17 % def for_(): pass
  18   def else_(): pass

__main__: for_%s.py: 12 traceable; 5 covered; 0 ignored; 0 ignored but covered; 7 not covered.
