----------------
Coverage Report:

__main__: for_{}.py: 12 traceable; 12 covered; 0 ignored; 0 ignored but covered; 0 not covered.
