----------------
Coverage Report:

__main__: for_%s.py:
   8
   9     for i in range(arg):
  10       for_()
  11       if i:
  12 !       break
  13     else:

__main__: for_%s.py: 12 traceable; 11 covered; 0 ignored; 0 ignored but covered; 1 not covered.
