False
----------------
Coverage Report:

__main__: genexpr_%s.py:
   1   from sys import argv
   2
   3
   4   def not_all(args):
   5 %   return all(int(a) for a in args)
   6

__main__: genexpr_%s.py: 5 traceable; 3 covered; 0 ignored; 0 ignored but covered; 1 not covered.
