----------------
Coverage Report:

__main__: ignored-{}.py:
   1   from sys import argv
   2
   3
   4   def top(on):
   5 %   if on:
   6       inline(on)
   7       multi(on)
   8       partial(on)
   9
  10 | def inline(on): return on if on else -1 #!cov-ignore.
  11
  12   def multi(on):
  13 ?   if on: #!cov-ignore.
  14 ?     return on
  15 |   return -1 #!cov-ignore.
  16
  17   def partial(on):
  18 ?   if on: #!cov-ignore.
  19 ?     return on
  20 !   return -1 # never covered; this test assures that previous annotation is terminated.
  21
  22
  23   for c in argv[1]: top(int(c))

__main__: ignored-{}.py: 16 traceable; 8 covered; 2 ignored; 4 ignored but covered; 2 not covered.
