----------------
Coverage Report:

__main__: inline_{}.py:
   3
   4   def test_if(i:int) -> None:
   5     r_if = 0
   6     if i: r_if = (1 if i == 1 else i)
   7 !   else: r_if == i # 0 case only.
   8
   9
  10   def test_while(i:int) -> None:
  11     r_while = 0
  12     i = i
  13 %   while i: r_while = (1 if i == 1 else i); i -= 1
  14
 ...
  18     for i in range(i): r_for = (1 if i == 1 else i)
  19
  20
  21   def test_TEEF(i:int) -> None:
  22 %   try: raises_if(i)
  23     except Exception: r_exc = (1 if i == 1 else i)
  24 !   else: r_exc = i # 0 case only.
  25     finally: r_fin = (1 if i == 1 else i)
  26
  27
  28   def raises_if(i:int) -> None:
  29 %   if i: raise Exception(i)
  30

__main__: inline_{}.py: 26 traceable; 20 covered; 0 ignored; 0 ignored but covered; 5 not covered.
