----------------
Coverage Report:

__main__: lnotab_{}.py:
  12     while a:
  13       x = a
  14       break
  15     else:
  16 !     x = a
  17

__main__: lnotab_{}.py: 12 traceable; 10 covered; 1 ignored; 0 ignored but covered; 1 not covered.
