----------------
Coverage Report:

__main__: lnotab_{}.py:
   9   x = ''
  10   def top(a):
  11     global x
  12     while a:
  13 !     x = a
  14 !     break
  15     else:

__main__: lnotab_{}.py: 12 traceable; 9 covered; 1 ignored; 0 ignored but covered; 2 not covered.
