----------------
Coverage Report:

__main__: main.py: 2 traceable; 1 covered; 1 ignored; 0 ignored but covered; 0 not covered.
