While.
While.
Else.
While.
----------------
Coverage Report:

__main__: while_else_break_at_3_{}.py:
   7       if i == 3:
   8         break
   9       i -= 1
  10     else:
  11 %     in_else()
  12

__main__: while_else_break_at_3_{}.py: 12 traceable; 11 covered; 0 ignored; 0 ignored but covered; 1 not covered.
