----------------
Coverage Report:

__main__: while_simple_%s.py:
   7     Complete coverage requires that both branches of both tests are exercised.
   8     Thus i=0 and i=1 are not enough for complete code covereage, but i=0 and i=2 are.
   9     '''
  10     while i:
  11 %    in_while_simple()
  12      i -= 1

__main__: while_simple_%s.py: 8 traceable; 7 covered; 0 ignored; 0 ignored but covered; 1 not covered.
