Else.
While.
While.
Else.
While.
----------------
Coverage Report:

__main__: while_else_break_at_3_{}.py: 12 traceable; 12 covered; 0 ignored; 0 ignored but covered; 0 not covered.
