----------------
Coverage Report:

__main__: while_simple_%s.py: 8 traceable; 8 covered; 0 ignored; 0 ignored but covered; 0 not covered.
