----------------
Coverage Report:

__main__: yield-from_%s.py:
   1   from fixtures import handle_args
   2
   3
   4   def gen():
   5 %   for i in range(1):
   6 %     yield i
   7
   8   def yield_from_range():
   9 %   yield from range(1)
  10
  11   def yield_from_gen():
  12 %   yield from gen()
  13

__main__: yield-from_%s.py: 15 traceable; 9 covered; 1 ignored; 0 ignored but covered; 4 not covered.
