0
0 1
----------------
Coverage Report:

__main__: yield_{}.py: 9 traceable; 8 covered; 0 ignored; 0 ignored but covered; 0 not covered.
