----------------
Coverage Report:

__main__: yield-from_%s.py: 15 traceable; 13 covered; 1 ignored; 0 ignored but covered; 0 not covered.
