----------------
Coverage Report:

__main__: yield-from_{}.py:
   1   from fixtures import handle_args
   2
   3
   4   def gen():
   5 !   for i in range(1):
   6 !     yield i
   7
   8   def yield_from_range():
   9 !   yield from range(1)
  10
  11   def yield_from_gen():
  12 !   yield from gen()
  13
  14   def top(arg):
  15     yfr = yield_from_range()
  16     yfg = yield_from_gen()
  17 %   for _ in range(arg): # Iterate a specified number of steps, to test early exit and exhaustion of the generators.
  18 |     assert next(yfr, None) == next(yfg, None)

__main__: yield-from_{}.py: 15 traceable; 8 covered; 1 ignored; 0 ignored but covered; 5 not covered.
