0
----------------
Coverage Report:

__main__: yield_{}.py:
   1   from sys import argv
   2
   3
   4   def yield_(stop):
   5 %   for i in range(2):
   6       if i == stop: break

__main__: yield_{}.py: 9 traceable; 7 covered; 0 ignored; 0 ignored but covered; 1 not covered.
